[INFO] Scanning for projects...
[INFO] 
[INFO] ------------------< com.multicore.crm:multicore-crm >-------------------
[INFO] Building MultiCoreCRM 0.0.1-SNAPSHOT
[INFO]   from pom.xml
[INFO] --------------------------------[ jar ]---------------------------------
[INFO] 
[INFO] --- clean:3.4.1:clean (default-clean) @ multicore-crm ---
[INFO] Deleting C:\Users\Z.H\Desktop\multicore-crm-new\target
[INFO] 
[INFO] --- resources:3.3.1:resources (default-resources) @ multicore-crm ---
[INFO] Copying 1 resource from src\main\resources to target\classes
[INFO] Copying 0 resource from src\main\resources to target\classes
[INFO] 
[INFO] --- compiler:3.14.0:compile (default-compile) @ multicore-crm ---
[INFO] Recompiling the module because of changed source code.
[INFO] Compiling 59 source files with javac [debug parameters release 21] to target\classes
[WARNING] /C:/Users/Z.H/Desktop/multicore-crm-new/src/main/java/com/multicore/crm/entity/Lead.java:[40,24] @Builder will ignore the initializing expression entirely. If you want the initializing expression to serve as default, add @Builder.Default. If it is not supposed to be settable during building, make the field final.
[WARNING] /C:/Users/Z.H/Desktop/multicore-crm-new/src/main/java/com/multicore/crm/entity/Lead.java:[46,21] @Builder will ignore the initializing expression entirely. If you want the initializing expression to serve as default, add @Builder.Default. If it is not supposed to be settable during building, make the field final.
[WARNING] /C:/Users/Z.H/Desktop/multicore-crm-new/src/main/java/com/multicore/crm/entity/Lead.java:[49,21] @Builder will ignore the initializing expression entirely. If you want the initializing expression to serve as default, add @Builder.Default. If it is not supposed to be settable during building, make the field final.
[WARNING] /C:/Users/Z.H/Desktop/multicore-crm-new/src/main/java/com/multicore/crm/entity/Lead.java:[68,31] @Builder will ignore the initializing expression entirely. If you want the initializing expression to serve as default, add @Builder.Default. If it is not supposed to be settable during building, make the field final.
[WARNING] /C:/Users/Z.H/Desktop/multicore-crm-new/src/main/java/com/multicore/crm/entity/Lead.java:[74,27] @Builder will ignore the initializing expression entirely. If you want the initializing expression to serve as default, add @Builder.Default. If it is not supposed to be settable during building, make the field final.
[WARNING] /C:/Users/Z.H/Desktop/multicore-crm-new/src/main/java/com/multicore/crm/entity/Lead.java:[77,27] @Builder will ignore the initializing expression entirely. If you want the initializing expression to serve as default, add @Builder.Default. If it is not supposed to be settable during building, make the field final.
[WARNING] /C:/Users/Z.H/Desktop/multicore-crm-new/src/main/java/com/multicore/crm/entity/Customer.java:[55,40] @Builder will ignore the initializing expression entirely. If you want the initializing expression to serve as default, add @Builder.Default. If it is not supposed to be settable during building, make the field final.
[WARNING] /C:/Users/Z.H/Desktop/multicore-crm-new/src/main/java/com/multicore/crm/entity/Customer.java:[58,27] @Builder will ignore the initializing expression entirely. If you want the initializing expression to serve as default, add @Builder.Default. If it is not supposed to be settable during building, make the field final.
[WARNING] /C:/Users/Z.H/Desktop/multicore-crm-new/src/main/java/com/multicore/crm/entity/Customer.java:[61,27] @Builder will ignore the initializing expression entirely. If you want the initializing expression to serve as default, add @Builder.Default. If it is not supposed to be settable during building, make the field final.
[WARNING] /C:/Users/Z.H/Desktop/multicore-crm-new/src/main/java/com/multicore/crm/entity/Business.java:[39,23] @Builder will ignore the initializing expression entirely. If you want the initializing expression to serve as default, add @Builder.Default. If it is not supposed to be settable during building, make the field final.
[WARNING] /C:/Users/Z.H/Desktop/multicore-crm-new/src/main/java/com/multicore/crm/entity/Business.java:[43,40] @Builder will ignore the initializing expression entirely. If you want the initializing expression to serve as default, add @Builder.Default. If it is not supposed to be settable during building, make the field final.
[WARNING] /C:/Users/Z.H/Desktop/multicore-crm-new/src/main/java/com/multicore/crm/entity/Business.java:[47,23] @Builder will ignore the initializing expression entirely. If you want the initializing expression to serve as default, add @Builder.Default. If it is not supposed to be settable during building, make the field final.
[WARNING] /C:/Users/Z.H/Desktop/multicore-crm-new/src/main/java/com/multicore/crm/entity/Business.java:[51,23] @Builder will ignore the initializing expression entirely. If you want the initializing expression to serve as default, add @Builder.Default. If it is not supposed to be settable during building, make the field final.
[WARNING] /C:/Users/Z.H/Desktop/multicore-crm-new/src/main/java/com/multicore/crm/entity/Business.java:[54,27] @Builder will ignore the initializing expression entirely. If you want the initializing expression to serve as default, add @Builder.Default. If it is not supposed to be settable during building, make the field final.
[WARNING] /C:/Users/Z.H/Desktop/multicore-crm-new/src/main/java/com/multicore/crm/entity/Business.java:[57,27] @Builder will ignore the initializing expression entirely. If you want the initializing expression to serve as default, add @Builder.Default. If it is not supposed to be settable during building, make the field final.
[WARNING] /C:/Users/Z.H/Desktop/multicore-crm-new/src/main/java/com/multicore/crm/entity/CustomerBusinessMatch.java:[36,27] @Builder will ignore the initializing expression entirely. If you want the initializing expression to serve as default, add @Builder.Default. If it is not supposed to be settable during building, make the field final.
[WARNING] /C:/Users/Z.H/Desktop/multicore-crm-new/src/main/java/com/multicore/crm/entity/CustomerBusinessMatch.java:[39,27] @Builder will ignore the initializing expression entirely. If you want the initializing expression to serve as default, add @Builder.Default. If it is not supposed to be settable during building, make the field final.
[WARNING] /C:/Users/Z.H/Desktop/multicore-crm-new/src/main/java/com/multicore/crm/entity/LeadActivity.java:[34,21] @Builder will ignore the initializing expression entirely. If you want the initializing expression to serve as default, add @Builder.Default. If it is not supposed to be settable during building, make the field final.
[WARNING] /C:/Users/Z.H/Desktop/multicore-crm-new/src/main/java/com/multicore/crm/entity/LeadActivity.java:[41,27] @Builder will ignore the initializing expression entirely. If you want the initializing expression to serve as default, add @Builder.Default. If it is not supposed to be settable during building, make the field final.
[WARNING] /C:/Users/Z.H/Desktop/multicore-crm-new/src/main/java/com/multicore/crm/entity/User.java:[42,24] @Builder will ignore the initializing expression entirely. If you want the initializing expression to serve as default, add @Builder.Default. If it is not supposed to be settable during building, make the field final.
[WARNING] /C:/Users/Z.H/Desktop/multicore-crm-new/src/main/java/com/multicore/crm/entity/User.java:[50,23] @Builder will ignore the initializing expression entirely. If you want the initializing expression to serve as default, add @Builder.Default. If it is not supposed to be settable during building, make the field final.
[WARNING] /C:/Users/Z.H/Desktop/multicore-crm-new/src/main/java/com/multicore/crm/entity/User.java:[53,27] @Builder will ignore the initializing expression entirely. If you want the initializing expression to serve as default, add @Builder.Default. If it is not supposed to be settable during building, make the field final.
[WARNING] /C:/Users/Z.H/Desktop/multicore-crm-new/src/main/java/com/multicore/crm/entity/User.java:[56,27] @Builder will ignore the initializing expression entirely. If you want the initializing expression to serve as default, add @Builder.Default. If it is not supposed to be settable during building, make the field final.
[WARNING] /C:/Users/Z.H/Desktop/multicore-crm-new/src/main/java/com/multicore/crm/config/SecurityConfig.java:[43,17] and() in org.springframework.security.config.annotation.SecurityConfigurerAdapter has been deprecated and marked for removal
[WARNING] /C:/Users/Z.H/Desktop/multicore-crm-new/src/main/java/com/multicore/crm/config/SecurityConfig.java:[55,17] csrf() in org.springframework.security.config.annotation.web.builders.HttpSecurity has been deprecated and marked for removal
[WARNING] /C:/Users/Z.H/Desktop/multicore-crm-new/src/main/java/com/multicore/crm/config/SecurityConfig.java:[56,17] sessionManagement() in org.springframework.security.config.annotation.web.builders.HttpSecurity has been deprecated and marked for removal
[WARNING] /C:/Users/Z.H/Desktop/multicore-crm-new/src/main/java/com/multicore/crm/config/SecurityConfig.java:[57,17] and() in org.springframework.security.config.annotation.SecurityConfigurerAdapter has been deprecated and marked for removal
[INFO] /C:/Users/Z.H/Desktop/multicore-crm-new/src/main/java/com/multicore/crm/service/JwtService.java: C:\Users\Z.H\Desktop\multicore-crm-new\src\main\java\com\multicore\crm\service\JwtService.java uses or overrides a deprecated API.
[INFO] /C:/Users/Z.H/Desktop/multicore-crm-new/src/main/java/com/multicore/crm/service/JwtService.java: Recompile with -Xlint:deprecation for details.
[INFO] ------------------------------------------------------------------------
[INFO] BUILD SUCCESS
[INFO] ------------------------------------------------------------------------
[INFO] Total time:  6.960 s
[INFO] Finished at: 2025-12-07T00:41:08+05:00
[INFO] ------------------------------------------------------------------------
